// Jest Snapshot v1, https://goo.gl/fbAQLP

exports[`Тестирование всего приложения Тестируем рендер Showcase 1`] = `
<Provider
  store={
    Object {
      "dispatch": [Function],
      "getState": [Function],
      "replaceReducer": [Function],
      "subscribe": [Function],
      Symbol(observable): [Function],
    }
  }
>
  <Connect(ShowcaseTshirtsM)>
    <ShowcaseTshirtsM
      addProducts={[Function]}
      gender="FEMALE"
      getProducts={[Function]}
      goodsItems={Array []}
      loading={true}
      type="dress"
    >
      <p>
        Пожалуйста, подождите. Идёт загрузка
      </p>
    </ShowcaseTshirtsM>
  </Connect(ShowcaseTshirtsM)>
</Provider>
`;

exports[`Тестирование всего приложения Тестируем рендер Showcase 2`] = `
<Provider
  store={
    Object {
      "dispatch": [Function],
      "getState": [Function],
      "replaceReducer": [Function],
      "subscribe": [Function],
      Symbol(observable): [Function],
    }
  }
>
  <Connect(ShowcaseTshirtsM)>
    <ShowcaseTshirtsM
      addProducts={[Function]}
      gender="FEMALE"
      getProducts={[Function]}
      goodsItems={Array []}
      loading={false}
      type="dress"
    >
      <Connect(ShowcaseMen)
        caption="Хорошо скроенные классические футболки — это универсальный предмет гардероба, который незаменим летом, а также может использоваться для создания образов в любое другое время года. Предлагаем мужские футболки всевозможных расцветок и фасонов — выполненные в базовом черном и белом цветах или ярких оттенках."
        title="Футболки"
      >
        <ShowcaseMen
          caption="Хорошо скроенные классические футболки — это универсальный предмет гардероба, который незаменим летом, а также может использоваться для создания образов в любое другое время года. Предлагаем мужские футболки всевозможных расцветок и фасонов — выполненные в базовом черном и белом цветах или ярких оттенках."
          setGender={[Function]}
          setType={[Function]}
          title="Футболки"
        >
          <div
            className="wrapper"
          >
            <nav
              className="nav"
            >
              <Link
                className="name"
                to="/home"
              >
                <a
                  className="name"
                  href="/home"
                >
                  FLEUR
                </a>
              </Link>
              <Link
                className="link"
                to="/showcase_jackets_men"
              >
                <a
                  className="link"
                  href="/showcase_jackets_men"
                >
                  Куртки
                </a>
              </Link>
              <Link
                className="link"
                to="/showcase_shirts_men"
              >
                <a
                  className="link"
                  href="/showcase_shirts_men"
                >
                  Рубашки
                </a>
              </Link>
              <Link
                className="link"
                to="/showcase_hoodies_men"
              >
                <a
                  className="link"
                  href="/showcase_hoodies_men"
                >
                  Толстовки
                </a>
              </Link>
              <Link
                className="link"
                to="/showcase_tshirts_men"
              >
                <a
                  className="link"
                  href="/showcase_tshirts_men"
                >
                  Футболки
                </a>
              </Link>
              <Link
                className="link"
                to="/showcase_jeans_men"
              >
                <a
                  className="link"
                  href="/showcase_jeans_men"
                >
                  Джинсы
                </a>
              </Link>
              <Link
                className="link"
                onClick={[Function]}
                to="/showcase_dress"
              >
                <a
                  className="link"
                  href="/showcase_dress"
                  onClick={[Function]}
                >
                  Женщины
                </a>
              </Link>
            </nav>
            <div
              className="div"
            >
              <header
                className="header"
              >
                <Link
                  className="ref"
                  to="/basket"
                >
                  <a
                    className="ref"
                    href="/basket"
                  >
                    <img
                      className="box"
                      src="FILE_MOCK"
                    />
                    <a
                      className="text"
                    >
                      Корзина
                    </a>
                  </a>
                </Link>
              </header>
              <div
                className="scan"
              >
                <h2>
                  Футболки
                </h2>
                <span
                  className="span"
                >
                  Хорошо скроенные классические футболки — это универсальный предмет гардероба, который незаменим летом, а также может использоваться для создания образов в любое другое время года. Предлагаем мужские футболки всевозможных расцветок и фасонов — выполненные в базовом черном и белом цветах или ярких оттенках.
                </span>
                <div
                  className="show"
                >
                  <div
                    className="showrow"
                  >
                    <MetaTags />
                  </div>
                </div>
              </div>
            </div>
          </div>
        </ShowcaseMen>
      </Connect(ShowcaseMen)>
    </ShowcaseTshirtsM>
  </Connect(ShowcaseTshirtsM)>
</Provider>
`;
