// Jest Snapshot v1, https://goo.gl/fbAQLP

exports[`<ShowcaseWoman /> Отрисовывается без ошибок 1`] = `
<Provider
  store={
    Object {
      "dispatch": [Function],
      "getState": [Function],
      "replaceReducer": [Function],
      "subscribe": [Function],
      Symbol(observable): [Function],
    }
  }
>
  <Connect(ShowcaseWoman)
    caption="caption"
    title="title"
  >
    <ShowcaseWoman
      caption="caption"
      setGender={[Function]}
      setType={[Function]}
      title="title"
    >
      <div
        className="wrapper"
      >
        <nav
          className="nav"
        >
          <Link
            className="name"
            to="/home"
          >
            <a
              className="name"
              href="/home"
            >
              FLEUR
            </a>
          </Link>
          <button
            className="link"
            onClick={[Function]}
          >
            Платья
          </button>
          <button
            className="link"
            onClick={[Function]}
          >
            Куртки
          </button>
          <button
            className="link"
            onClick={[Function]}
          >
            Рубашки
          </button>
          <button
            className="link"
            onClick={[Function]}
          >
            Толстовки
          </button>
          <button
            className="link"
            onClick={[Function]}
          >
            Футболки
          </button>
          <button
            className="link"
            onClick={[Function]}
          >
            Джинсы
          </button>
          <button
            className="link"
            onClick={[Function]}
          >
            Юбки
          </button>
          <button
            className="link"
            onClick={[Function]}
          >
            Аксессуары
          </button>
          <Link
            className="link"
            onClick={[Function]}
            to="/showcase_men"
          >
            <a
              className="link"
              href="/showcase_men"
              onClick={[Function]}
            >
              Мужчины
            </a>
          </Link>
        </nav>
        <div
          className="div"
        >
          <header
            className="header"
          >
            <Link
              className="ref"
              to="/basket"
            >
              <a
                className="ref"
                href="/basket"
              >
                <img
                  className="box"
                  src="FILE_MOCK"
                />
                <a
                  className="text"
                >
                  Корзина
                </a>
              </a>
            </Link>
          </header>
          <div
            className="scan"
          >
            <h2>
              title
            </h2>
            <span
              className="span"
            >
              caption
            </span>
            <div
              className="show"
            >
              <div
                className="showrow"
              >
                <Connect(Showcases)
                  initGender="FEMALE"
                  initType="dress"
                >
                  <Showcases
                    addProducts={[Function]}
                    gender={null}
                    getProducts={[Function]}
                    goodsItems={Array []}
                    initGender="FEMALE"
                    initType="dress"
                    loading={true}
                    type={null}
                  >
                    <p>
                      Пожалуйста, подождите. Идёт загрузка
                    </p>
                  </Showcases>
                </Connect(Showcases)>
              </div>
            </div>
          </div>
        </div>
      </div>
    </ShowcaseWoman>
  </Connect(ShowcaseWoman)>
</Provider>
`;
