// Jest Snapshot v1, https://goo.gl/fbAQLP

exports[`<ShowcaseMan /> Отрисовывается без ошибок 1`] = `
<Provider
  store={
    Object {
      "dispatch": [Function],
      "getState": [Function],
      "replaceReducer": [Function],
      "subscribe": [Function],
      Symbol(observable): [Function],
    }
  }
>
  <Connect(ShowcaseMen)
    caption="caption"
    title="title"
  >
    <ShowcaseMen
      caption="caption"
      setGender={[Function]}
      setType={[Function]}
      title="title"
    >
      <div
        className="wrapper"
      >
        <nav
          className="nav"
        >
          <Link
            className="name"
            to="/home"
          >
            <a
              className="name"
              href="/home"
            >
              FLEUR
            </a>
          </Link>
          <Link
            className="link"
            to="/showcase_jackets_men"
          >
            <a
              className="link"
              href="/showcase_jackets_men"
            >
              Куртки
            </a>
          </Link>
          <Link
            className="link"
            to="/showcase_shirts_men"
          >
            <a
              className="link"
              href="/showcase_shirts_men"
            >
              Рубашки
            </a>
          </Link>
          <Link
            className="link"
            to="/showcase_hoodies_men"
          >
            <a
              className="link"
              href="/showcase_hoodies_men"
            >
              Толстовки
            </a>
          </Link>
          <Link
            className="link"
            to="/showcase_tshirts_men"
          >
            <a
              className="link"
              href="/showcase_tshirts_men"
            >
              Футболки
            </a>
          </Link>
          <Link
            className="link"
            to="/showcase_jeans_men"
          >
            <a
              className="link"
              href="/showcase_jeans_men"
            >
              Джинсы
            </a>
          </Link>
          <Link
            className="link"
            onClick={[Function]}
            to="/showcase_dress"
          >
            <a
              className="link"
              href="/showcase_dress"
              onClick={[Function]}
            >
              Женщины
            </a>
          </Link>
        </nav>
        <div
          className="div"
        >
          <header
            className="header"
          >
            <Link
              className="ref"
              to="/basket"
            >
              <a
                className="ref"
                href="/basket"
              >
                <img
                  className="box"
                  src="FILE_MOCK"
                />
                <a
                  className="text"
                >
                  Корзина
                </a>
              </a>
            </Link>
          </header>
          <div
            className="scan"
          >
            <h2>
              title
            </h2>
            <span
              className="span"
            >
              caption
            </span>
            <div
              className="show"
            >
              <div
                className="showrow"
              />
            </div>
          </div>
        </div>
      </div>
    </ShowcaseMen>
  </Connect(ShowcaseMen)>
</Provider>
`;
